[localhost/wordpress/index.html]
[backblue.gif]
[fade.gif]
[index.html]
[localhost/wordpress/wp-content/themes/astra/assets/css/minified/style.minb2da.css]
[localhost/wordpress/wp-content/themes/astra/assets/fonts/astra.woff]
[localhost/wordpress/comments/feed/index.html]
[localhost/wordpress/feed/index.html]
[localhost/wordpress/wp-content/themes/astra/assets/css/minified/menu-animation.minb2da.css]
[localhost/wordpress/wp-includes/css/dist/block-library/style.min0899.css]
[localhost/wordpress/wp-content/plugins/header-footer-elementor/assets/css/header-footer-elementor330a.css]
[localhost/wordpress/wp-content/plugins/elementor/assets/lib/eicons/css/elementor-icons.min4c7e.css]
[localhost/wordpress/wp-content/plugins/elementor/assets/lib/animations/animations.min4315.css]
[localhost/wordpress/wp-content/plugins/elementor/assets/css/frontend.min4315.css]
[localhost/wordpress/wp-content/plugins/elementor/assets/lib/font-awesome/css/all.min4315.css]
[localhost/wordpress/wp-content/plugins/elementor/assets/lib/font-awesome/css/v4-shims.min4315.css]
[localhost/wordpress/wp-content/uploads/elementor/css/global7373.css]
[localhost/wordpress/wp-content/uploads/elementor/css/post-10325376f.css]
[localhost/wordpress/wp-content/plugins/header-footer-elementor/inc/widgets-css/frontend330a.css]
[localhost/wordpress/wp-content/uploads/elementor/css/post-6334767.css]
[localhost/wordpress/wp-content/plugins/elementor/assets/lib/font-awesome/css/fontawesome.minb683.css]
[localhost/wordpress/wp-content/plugins/elementor/assets/lib/font-awesome/css/solid.minb683.css]
[localhost/wordpress/wp-content/plugins/elementor/assets/lib/font-awesome/js/v4-shims.min4315.js]
[localhost/wordpress/wp-json/index.html]
[localhost/wordpress/wp-json/wp/v2/pages/10325.json]
[localhost/wordpress/xmlrpc0db0.php]
[localhost/wordpress/wp-json/oembed/1.0/embed68f4.json]
[localhost/wordpress/wp-content/uploads/2025/06/jayneil_logo_favicon.jpg]
[localhost/wordpress/wp-json/oembed/1.0/embedd248]
[localhost/wordpress/wp-content/uploads/2025/06/cropped-logo_home_4_resized-140x118.jpg]
[localhost/wordpress/wp-content/uploads/2025/06/logo_home_4_resized-150x150.jpg]
[localhost/wordpress/associates/index.html]
[localhost/wordpress/wp-content/uploads/2025/06/processtech_header_smaller.jpg]
[localhost/wordpress/contact-us/index.html]
[localhost/wordpress/wp-content/uploads/2025/06/projectengg_header_smaller.jpg]
[localhost/wordpress/our-clients/index.html]
[localhost/wordpress/wp-content/uploads/2025/06/validation_services_header_smaller.jpg]
[localhost/wordpress/wp-content/uploads/2025/06/audits_header_smaller.jpg]
[localhost/wordpress/news-flash/index.html]
[localhost/wordpress/gmp-bulletins/index.html]
[localhost/wordpress/wp-content/themes/astra/assets/js/minified/style.minb2da.js]
[localhost/wordpress/jayneil-brochure/index.html]
[localhost/wordpress/process_technology/index.html]
[localhost/wordpress/wp-includes/js/jquery/jquery-migrate.min5589.js]
[localhost/wordpress/wp-includes/js/jquery/jquery.minf43b.js]
[localhost/wordpress/project_engineering/index.html]
[localhost/wordpress/validation-and-documentation-services/index.html]
[localhost/wordpress/wp-content/plugins/elementor/assets/js/frontend-modules.min4315.js]
[localhost/wordpress/wp-includes/js/jquery/ui/core.minb37e.js]
[localhost/wordpress/wp-content/plugins/elementor/assets/lib/dialog/dialog.minae9e.js]
[localhost/wordpress/wp-content/plugins/elementor/assets/lib/waypoints/waypoints.min05da.js]
[localhost/wordpress/projects-pharma/index.html]
[localhost/wordpress/audits-and-technical-training/index.html]
[localhost/wordpress/projects-ayush/index.html]
[localhost/wordpress/projects-cosmetics/index.html]
[localhost/wordpress/projects-laboratory/index.html]
[localhost/wordpress/projects-api/index.html]
[localhost/wordpress/wp-content/plugins/elementor/assets/lib/share-link/share-link.min4315.js]
[localhost/wordpress/index.html]
[localhost/wordpress/projects-others/index.html]
[localhost/wordpress/wp-content/themes/astra/assets/css/minified/style.minb2da.css]
[localhost/wordpress/wp-content/themes/astra/assets/css/minified/menu-animation.minb2da.css]
[localhost/wordpress/wp-includes/css/dist/block-library/style.min0899.css]
[localhost/wordpress/wp-content/plugins/header-footer-elementor/assets/css/header-footer-elementor330a.css]
[localhost/wordpress/wp-content/plugins/elementor/assets/lib/eicons/fonts/eicons2cbf.eot]
[localhost/wordpress/wp-content/plugins/elementor/assets/lib/eicons/fonts/eicons2cbf.woff2]
[localhost/wordpress/wp-content/plugins/elementor/assets/js/frontend.min4315.js]
[localhost/wordpress/wp-content/plugins/elementor/assets/lib/eicons/fonts/eicons2cbf.woff]
[localhost/wordpress/wp-content/plugins/elementor/assets/lib/swiper/swiper.min48f5.js]
[localhost/wordpress/wp-content/plugins/elementor/assets/lib/eicons/fonts/eicons2cbf.ttf]
[localhost/wordpress/wp-content/plugins/elementor/assets/lib/eicons/css/elementor-icons.min4c7e.css]
[localhost/wordpress/wp-content/plugins/elementor/assets/lib/animations/animations.min4315.css]
[localhost/wordpress/wp-content/plugins/elementor/assets/css/frontend.min4315.css]
[localhost/wordpress/wp-content/plugins/elementor/assets/lib/font-awesome/webfonts/fa-brands-400.eot]
[localhost/wordpress/wp-content/plugins/elementor/assets/lib/font-awesome/webfonts/fa-brands-400.woff2]
[localhost/wordpress/wp-content/plugins/elementor/assets/lib/font-awesome/webfonts/fa-brands-400d41d.eot]
[localhost/wordpress/wp-content/plugins/elementor/assets/lib/font-awesome/webfonts/fa-brands-400.woff]
[localhost/wordpress/wp-content/plugins/elementor/assets/lib/font-awesome/webfonts/fa-brands-400.ttf]
[localhost/wordpress/wp-content/plugins/elementor/assets/lib/font-awesome/webfonts/fa-regular-400.eot]
[localhost/wordpress/wp-content/plugins/elementor/assets/lib/font-awesome/webfonts/fa-regular-400d41d.eot]
[localhost/wordpress/wp-content/plugins/elementor/assets/lib/font-awesome/webfonts/fa-regular-400.woff2]
[localhost/wordpress/wp-content/plugins/elementor/assets/lib/font-awesome/webfonts/fa-regular-400.woff]
[localhost/wordpress/wp-content/plugins/elementor/assets/lib/font-awesome/webfonts/fa-regular-400.ttf]
[localhost/wordpress/wp-content/plugins/elementor/assets/lib/font-awesome/webfonts/fa-solid-900.eot]
[localhost/wordpress/wp-content/plugins/elementor/assets/lib/font-awesome/webfonts/fa-solid-900.woff2]
[localhost/wordpress/wp-content/plugins/elementor/assets/lib/font-awesome/webfonts/fa-solid-900d41d.eot]
[localhost/wordpress/wp-content/plugins/elementor/assets/lib/font-awesome/webfonts/fa-solid-900.woff]
[localhost/wordpress/wp-content/plugins/elementor/assets/lib/font-awesome/webfonts/fa-solid-900.ttf]
[localhost/wordpress/wp-content/plugins/elementor/assets/lib/font-awesome/css/all.min4315.css]
[localhost/wordpress/wp-content/plugins/elementor/assets/lib/font-awesome/css/v4-shims.min4315.css]
[localhost/wordpress/wp-content/uploads/elementor/css/global7373.css]
[localhost/wordpress/wp-content/uploads/2025/06/homepage_collage.jpg]
[localhost/wordpress/wp-content/uploads/2025/06/Milestone.jpg]
[localhost/wordpress/wp-content/uploads/2025/06/processtech_header_01.jpg]
[localhost/wordpress/wp-content/uploads/elementor/css/post-10325376f.css]
[localhost/wordpress/wp-content/plugins/header-footer-elementor/inc/widgets-css/frontend330a.css]
[localhost/wordpress/wp-content/uploads/elementor/css/post-6334767.css]
[localhost/wordpress/wp-content/plugins/elementor/assets/lib/font-awesome/css/fontawesome.minb683.css]
[localhost/wordpress/wp-content/plugins/elementor/assets/lib/font-awesome/css/solid.minb683.css]
[localhost/wordpress/wp-content/uploads/elementor/css/post-10587ade7.css]
[localhost/wordpress/wp-json/wp/v2/pages/10587.json]
[localhost/wordpress/wp-json/oembed/1.0/embed8128.json]
[localhost/wordpress/wp-json/oembed/1.0/embed1561]
[localhost/wordpress/wp-content/uploads/2025/06/cropped-logo_home_4_resized-150x150.jpg]
[localhost/wordpress/wp-content/uploads/2025/06/baba_pic1_2.jpg]
[localhost/wordpress/wp-content/uploads/2025/06/nsg1.jpg]
[localhost/wordpress/wp-content/uploads/2025/06/dsgupta2.jpg]
[localhost/wordpress/wp-content/uploads/2025/06/tie-ups2.jpg]
[localhost/wordpress/associates/index.html]
[localhost/wordpress/wp-content/uploads/elementor/css/post-10622f25d.css]
[localhost/wordpress/wp-content/plugins/elementor/assets/lib/font-awesome/css/regular.minb683.css]
[localhost/wordpress/wp-json/wp/v2/pages/10622.json]
[localhost/wordpress/wp-json/oembed/1.0/embedf48b.json]
[localhost/wordpress/contact-us/index.html]
[localhost/wordpress/wp-json/oembed/1.0/embed0800]
[localhost/wordpress/wp-content/uploads/elementor/css/post-6165c8c6.css]
[localhost/wordpress/wp-json/wp/v2/pages/6165.json]
[localhost/wordpress/wp-json/oembed/1.0/embedb67f.json]
[localhost/wordpress/our-clients/index.html]
[localhost/wordpress/wp-json/oembed/1.0/embedb4e6]
[localhost/wordpress/wp-content/plugins/elementor/assets/lib/jquery-numerator/jquery-numerator.min3958.js]
[localhost/wordpress/wp-content/uploads/elementor/css/post-629551c8.css]
[localhost/wordpress/wp-json/wp/v2/pages/6295.json]
[localhost/wordpress/wp-json/oembed/1.0/embed9125.json]
[localhost/wordpress/wp-json/oembed/1.0/embed3101]
[localhost/wordpress/wp-content/uploads/2025/06/Picture1-300x169.jpg]
[localhost/wordpress/wp-content/uploads/2025/06/pant1.jpg]
[localhost/wordpress/wp-content/uploads/2025/06/pant2.jpg]
[localhost/wordpress/wp-content/uploads/2025/06/pant3.jpg]
[localhost/wordpress/wp-content/uploads/2025/06/pant4.jpg]
[localhost/wordpress/wp-content/uploads/2025/06/pant5.jpg]
[localhost/wordpress/wp-content/uploads/2025/06/pant6.jpg]
[localhost/wordpress/wp-content/uploads/2025/06/pant7.jpg]
[localhost/wordpress/wp-content/uploads/2025/06/pant8.jpg]
[localhost/wordpress/wp-content/uploads/2025/06/cord1.jpg]
[localhost/wordpress/wp-content/uploads/2025/06/cord2.jpg]
[localhost/wordpress/wp-content/uploads/2025/06/cord3.jpg]
[localhost/wordpress/wp-content/uploads/2025/06/cord4.jpg]
[localhost/wordpress/wp-content/uploads/2025/06/cord5.jpg]
[localhost/wordpress/wp-content/uploads/2025/06/cord6.jpg]
[localhost/wordpress/wp-content/uploads/2025/06/cord7.jpg]
[localhost/wordpress/wp-content/uploads/2025/06/cord8.jpg]
[localhost/wordpress/wp-content/uploads/2025/06/02_3d_phase1.jpg]
[localhost/wordpress/wp-content/uploads/2025/06/03_3d_phase2.jpg]
[localhost/wordpress/wp-content/uploads/2025/06/01_3d_phase3.jpg]
[localhost/wordpress/wp-content/uploads/2025/06/04_emceepic1.jpg]
[localhost/wordpress/wp-content/uploads/2025/06/05_emceepic2.jpg]
[localhost/wordpress/wp-content/uploads/2025/06/06_emceepic3.jpg]
[localhost/wordpress/wp-content/uploads/2025/06/07_emceepic4.jpg]
[localhost/wordpress/wp-content/uploads/2025/06/08_emceepic5.jpg]
[localhost/wordpress/news-flash/index.html]
[localhost/wordpress/wp-content/uploads/elementor/css/post-10574501e.css]
[localhost/wordpress/wp-json/wp/v2/pages/10574.json]
[localhost/wordpress/wp-json/oembed/1.0/embed7aba.json]
[localhost/wordpress/wp-json/oembed/1.0/embed7adf]
[localhost/wordpress/wp-content/uploads/2025/06/image004.gif]
[localhost/wordpress/wp-content/uploads/2025/06/image002.gif]
[localhost/wordpress/wp-content/uploads/2025/06/image001.gif]
[localhost/wordpress/wp-content/uploads/2025/06/image003.gif]
[localhost/wordpress/wp-content/uploads/2025/06/newsclip.jpg]
[localhost/wordpress/wp-content/uploads/2025/06/cosmetics_GMP_flash1.jpg]
[localhost/wordpress/gmp-bulletins/index.html]
[localhost/wordpress/wp-content/uploads/elementor/css/post-11123b057.css]
[localhost/wordpress/wp-json/wp/v2/pages/11123.json]
[localhost/wordpress/wp-json/oembed/1.0/embedf938.json]
[localhost/wordpress/wp-json/oembed/1.0/embed64da]
[localhost/wordpress/wp-content/uploads/2025/06/2023_brochure_pg14_copy.jpg]
[localhost/wordpress/wp-content/uploads/2025/06/2017_brochure_pg23_revised-for-website2023-copy.jpg]
[localhost/wordpress/jayneil-brochure/index.html]
[localhost/wordpress/wp-content/uploads/elementor/css/post-10410ff56.css]
[localhost/wordpress/wp-json/wp/v2/pages/10410.json]
[localhost/wordpress/wp-json/oembed/1.0/embed0d62.json]
[localhost/wordpress/wp-json/oembed/1.0/embedf2be]
[localhost/wordpress/wp-content/uploads/2025/06/01_Picture1_vapi1.jpg]
[localhost/wordpress/wp-content/uploads/2025/06/02_Picture2_vapi1.jpg]
[localhost/wordpress/wp-content/uploads/2025/06/03_Picture3_vapi1.jpg]
[localhost/wordpress/wp-content/uploads/2025/06/04_Picture4_vapi1.jpg]
[localhost/wordpress/wp-content/uploads/2025/06/05_Picture1_masat1.jpg]
[localhost/wordpress/wp-content/uploads/2025/06/06_Picture2_masat1.jpg]
[localhost/wordpress/process_technology/index.html]
[localhost/wordpress/wp-content/uploads/elementor/css/post-10415f219.css]
[localhost/wordpress/wp-json/wp/v2/pages/10415.json]
[localhost/wordpress/wp-json/oembed/1.0/embeda9ae.json]
[localhost/wordpress/wp-json/oembed/1.0/embedc377]
[localhost/wordpress/wp-content/uploads/2025/06/projectengg_header_resized-240x300.jpg]
[localhost/wordpress/wp-content/uploads/2025/06/01_Sample_layout-with-zoning.jpg]
[localhost/wordpress/wp-content/uploads/2025/06/02_sample_panel_layout.jpg]
[localhost/wordpress/wp-content/uploads/2025/06/03_sample_ahuspec-212x300.jpg]
[localhost/wordpress/wp-content/uploads/2025/06/04_sample_rds.jpg]
[localhost/wordpress/wp-content/uploads/2025/06/05_sample_cpm1.jpg]
[localhost/wordpress/wp-content/uploads/2025/06/projectengg_header_01.jpg]
[localhost/wordpress/wp-content/uploads/2025/06/07_sample_pi.jpg]
[localhost/wordpress/wp-content/uploads/2025/06/08_Sample-3d-ducting.jpg]
[localhost/wordpress/project_engineering/index.html]
[localhost/wordpress/wp-content/uploads/elementor/css/post-10434817a.css]
[localhost/wordpress/wp-json/wp/v2/pages/10434.json]
[localhost/wordpress/wp-json/oembed/1.0/embed7e83.json]
[localhost/wordpress/wp-json/oembed/1.0/embed60ca]
[localhost/wordpress/wp-content/uploads/2025/06/01_Sample_HVACIQ1.jpg]
[localhost/wordpress/wp-content/uploads/2025/06/02_Sample_VMP.jpg]
[localhost/wordpress/wp-content/uploads/2025/06/03_Sample_SOP.jpg]
[localhost/wordpress/wp-content/uploads/2025/06/03a_quality_manual.jpg]
[localhost/wordpress/wp-content/uploads/2025/06/04_Sample_GMPoverview.jpg]
[localhost/wordpress/wp-content/uploads/2025/06/05_Sample_SMF2.jpg]
[localhost/wordpress/validation-and-documentation-services/index.html]
[localhost/wordpress/wp-content/uploads/elementor/css/post-104563009.css]
[localhost/wordpress/wp-json/wp/v2/pages/10456.json]
[localhost/wordpress/wp-json/oembed/1.0/embeda683.json]
[localhost/wordpress/wp-json/oembed/1.0/embedc04c]
[localhost/wordpress/wp-content/uploads/2025/06/audits_header_01.jpg]
[localhost/wordpress/wp-content/uploads/2025/06/01_IMG_0006.jpg]
[localhost/wordpress/wp-content/uploads/2025/06/02_IMG_0003.jpg]
[localhost/wordpress/wp-content/uploads/2025/06/03_IMG_0001.jpg]
[localhost/wordpress/wp-content/uploads/2025/06/04_IMG_0209.jpg]
[localhost/wordpress/wp-content/uploads/2025/06/01_100_0716.jpg]
[localhost/wordpress/wp-content/uploads/2025/06/02_100_0717.jpg]
[localhost/wordpress/wp-content/uploads/2025/06/01_baba_pic3.jpg]
[localhost/wordpress/wp-content/uploads/2025/06/02_baba_pic1_1.jpg]
[localhost/wordpress/wp-content/uploads/2025/06/01_nepal_pic1.jpg]
[localhost/wordpress/wp-content/uploads/2025/06/02_nepal_pic2.jpg]
[localhost/wordpress/wp-content/uploads/2025/06/03_nepal_pic3.jpg]
[localhost/wordpress/audits-and-technical-training/index.html]
[localhost/wordpress/wp-content/uploads/elementor/css/post-116553009.css]
[localhost/wordpress/wp-json/wp/v2/pages/11655.json]
[localhost/wordpress/wp-json/oembed/1.0/embedb814.json]
[localhost/wordpress/wp-content/uploads/2025/06/02_ziskahormone_pic1-300x225.jpg]
[localhost/wordpress/wp-json/oembed/1.0/embeddc19]
[localhost/wordpress/wp-content/uploads/2025/06/01_3d_phase3-1-300x225.jpg]
[localhost/wordpress/wp-content/uploads/2025/06/03_bewell_pic4-300x225.jpg]
[localhost/wordpress/wp-content/uploads/2025/06/04_pacific_pic5-300x225.jpg]
[localhost/wordpress/wp-content/uploads/2025/06/05_ghl-300x225.jpg]
[localhost/wordpress/wp-content/uploads/2025/06/06_biotech-1-300x225.jpg]
[localhost/wordpress/projects-pharma/index.html]
[localhost/wordpress/wp-content/uploads/elementor/css/post-11711ed3b.css]
[localhost/wordpress/wp-json/wp/v2/pages/11711.json]
[localhost/wordpress/wp-json/oembed/1.0/embedb48c.json]
[localhost/wordpress/wp-content/uploads/2025/06/01_pant1.jpg]
[localhost/wordpress/wp-json/oembed/1.0/embedf617]
[localhost/wordpress/wp-content/uploads/2025/06/02_project_ayush.jpg]
[localhost/wordpress/wp-content/uploads/2025/06/03_kudos_pic1.jpg]
[localhost/wordpress/wp-content/uploads/2025/06/04_masat_pic1.jpg]
[localhost/wordpress/wp-content/uploads/2025/06/05_vapi_pic1.jpg]
[localhost/wordpress/wp-content/uploads/2025/06/06_baid_pic2.jpg]
[localhost/wordpress/projects-ayush/index.html]
[localhost/wordpress/wp-content/uploads/elementor/css/post-11745ed3b.css]
[localhost/wordpress/wp-json/wp/v2/pages/11745.json]
[localhost/wordpress/wp-json/oembed/1.0/embed8e71.json]
[localhost/wordpress/wp-content/uploads/2025/06/01_emamipacharia.jpg]
[localhost/wordpress/wp-json/oembed/1.0/embedf38d]
[localhost/wordpress/wp-content/uploads/2025/06/02_vlcc_pic1.jpg]
[localhost/wordpress/wp-content/uploads/2025/06/03_leaders.jpg]
[localhost/wordpress/wp-content/uploads/2025/06/04_deys.jpg]
[localhost/wordpress/projects-cosmetics/index.html]
[localhost/wordpress/wp-content/uploads/elementor/css/post-11775ab9b.css]
[localhost/wordpress/wp-json/wp/v2/pages/11775.json]
[localhost/wordpress/wp-json/oembed/1.0/embed9aa8.json]
[localhost/wordpress/wp-json/oembed/1.0/embedf7a9]
[localhost/wordpress/wp-content/uploads/2025/06/01_EmamiPant.jpg]
[localhost/wordpress/wp-content/uploads/2025/06/02_tcgAPI_pic01.jpg]
[localhost/wordpress/wp-content/uploads/2025/06/03_ziskalab_pic1.jpg]
[localhost/wordpress/wp-content/uploads/2025/06/04_emami_CRD_pic1.jpg]
[localhost/wordpress/projects-laboratory/index.html]
[localhost/wordpress/wp-content/uploads/elementor/css/post-11798ab9b.css]
[localhost/wordpress/wp-json/wp/v2/pages/11798.json]
[localhost/wordpress/wp-json/oembed/1.0/embed2e82.json]
[localhost/wordpress/wp-json/oembed/1.0/embedd365]
[localhost/wordpress/wp-content/uploads/2025/06/01_tcg.jpg]
[localhost/wordpress/wp-content/uploads/2025/06/02_ghl.jpg]
[localhost/wordpress/wp-content/uploads/2025/06/03_navana.jpg]
[localhost/wordpress/projects-api/index.html]
[localhost/wordpress/wp-content/uploads/2025/06/04_dabur.jpg]
[localhost/wordpress/wp-content/uploads/elementor/css/post-11825b4f6.css]
[localhost/wordpress/wp-json/wp/v2/pages/11825.json]
[localhost/wordpress/wp-json/oembed/1.0/embedb616.json]
[localhost/wordpress/wp-json/oembed/1.0/embed770b]
[localhost/wordpress/wp-content/uploads/2025/06/01_cordlife.jpg]
[localhost/wordpress/wp-content/uploads/2025/06/02_ifgl_pic5.jpg]
[localhost/wordpress/wp-content/uploads/2025/06/03_frankross.jpg]
[localhost/wordpress/wp-content/uploads/2025/06/04_NEC.jpg]
[localhost/wordpress/projects-others/index.html]
[localhost/wordpress/wp-content/plugins/elementor/assets/lib/eicons/fonts/eicons2cbf.svg]
[localhost/wordpress/wp-content/plugins/elementor/assets/lib/font-awesome/webfonts/fa-brands-400.svg]
[localhost/wordpress/wp-content/plugins/elementor/assets/lib/font-awesome/webfonts/fa-regular-400.svg]
[localhost/wordpress/wp-content/plugins/elementor/assets/lib/font-awesome/webfonts/fa-solid-900.svg]
[localhost/wordpress/wp-content/uploads/2023/11/placeholder.html]
[localhost/wordpress/wp-content/plugins/header-footer-elementor/inc/images/shade.html]
[localhost/wordpress/wp-content/uploads/2025/06/associate_header_new.jpg]
[localhost/wordpress/wp-content/uploads/elementor/css/post-10587ade7.css]
[localhost/wordpress/index7450.html]
[localhost/wordpress/wp-content/uploads/elementor/css/post-10622f25d.css]
[localhost/wordpress/wp-content/plugins/elementor/assets/lib/font-awesome/css/regular.minb683.css]
[localhost/wordpress/index7607.html]
[localhost/wordpress/wp-content/uploads/2025/06/Our_clients_header1-copy5.jpg]
[localhost/wordpress/wp-content/uploads/elementor/css/post-6165c8c6.css]
[localhost/wordpress/index0c9b.html]
[localhost/wordpress/wp-content/uploads/elementor/css/post-629551c8.css]
[localhost/wordpress/indexabdd.html]
[localhost/wordpress/wp-content/uploads/elementor/css/post-10574501e.css]
[localhost/wordpress/index796a.html]
[localhost/wordpress/wp-content/uploads/elementor/css/post-11123b057.css]
[localhost/wordpress/indexc9fc.html]
[localhost/wordpress/wp-content/uploads/elementor/css/post-10410ff56.css]
[localhost/wordpress/index34f2.html]
[localhost/wordpress/wp-content/uploads/2025/06/projectengg_header_resized.jpg]
[localhost/wordpress/wp-content/uploads/2025/06/03_sample_ahuspec.jpg]
[localhost/wordpress/wp-content/uploads/elementor/css/post-10415f219.css]
[localhost/wordpress/index5c2d.html]
[localhost/wordpress/wp-content/uploads/elementor/css/post-10434817a.css]
[localhost/wordpress/indexd8e1.html]
[localhost/wordpress/wp-content/uploads/elementor/css/post-104563009.css]
[localhost/wordpress/indexe088.html]
[localhost/wordpress/wp-content/uploads/2025/06/pharma_collage_header.jpg]
[localhost/wordpress/wp-content/uploads/2025/06/02_ziskahormone_pic1.jpg]
[localhost/wordpress/wp-content/uploads/2025/06/01_3d_phase3-1.jpg]
[localhost/wordpress/wp-content/uploads/2025/06/03_bewell_pic4.jpg]
[localhost/wordpress/wp-content/uploads/2025/06/04_pacific_pic5.jpg]
[localhost/wordpress/wp-content/uploads/2025/06/05_ghl.jpg]
[localhost/wordpress/wp-content/uploads/2025/06/06_biotech-1.jpg]
[localhost/wordpress/wp-content/uploads/elementor/css/post-116553009.css]
[localhost/wordpress/index6c92.html]
[localhost/wordpress/wp-content/uploads/2025/06/project-ayush-collage.jpg]
[localhost/wordpress/wp-content/uploads/elementor/css/post-11711ed3b.css]
[localhost/wordpress/indexecfb.html]
[localhost/wordpress/wp-content/uploads/2023/11/05_ghl.html]
[localhost/wordpress/wp-content/uploads/2023/11/06_biotech-1.html]
[localhost/wordpress/wp-content/uploads/2025/06/cosmetics-collage-header.jpg]
[localhost/wordpress/wp-content/uploads/elementor/css/post-11745ed3b.css]
[localhost/wordpress/index822e.html]
[localhost/wordpress/wp-content/uploads/2025/06/projects-lab-header.jpg]
[localhost/wordpress/wp-content/uploads/elementor/css/post-11775ab9b.css]
[localhost/wordpress/index1029.html]
[localhost/wordpress/wp-content/uploads/2025/06/api-projects-collage.jpg]
[localhost/wordpress/wp-content/uploads/elementor/css/post-11798ab9b.css]
[localhost/wordpress/index0067.html]
[localhost/wordpress/wp-content/uploads/2025/06/other-projects-collage.jpg]
[localhost/wordpress/wp-content/uploads/elementor/css/post-11825b4f6.css]
[localhost/wordpress/indexb478.html]
